2025-10-07 22:50:15.390 INFO  [main] user= ip= b.c.o.gestao.web.AuthorizationTest - Starting AuthorizationTest using Java 21.0.8 with PID 25004 (started by Gustavo in C:\Users\Gustavo\Downloads\gestao-de-funcionarios-2025)
2025-10-07 22:50:15.405 INFO  [main] user= ip= b.c.o.gestao.web.AuthorizationTest - No active profile set, falling back to 1 default profile: "default"
2025-10-07 22:50:17.724 WARN  [main] user= ip= o.s.b.a.s.s.UserDetailsServiceAutoConfiguration - 

Using generated security password: 12283446-b508-4780-8f53-e8d6af62a80b

This generated password is for development use only. Your security configuration must be updated before running your application in production.

2025-10-07 22:50:17.775 INFO  [main] user= ip= o.s.s.c.a.a.c.InitializeUserDetailsBeanManagerConfigurer$InitializeUserDetailsManagerConfigurer - Global AuthenticationManager configured with UserDetailsService bean with name inMemoryUserDetailsManager
2025-10-07 22:50:18.004 INFO  [main] user= ip= o.s.b.t.m.w.SpringBootMockServletContext - Initializing Spring TestDispatcherServlet ''
2025-10-07 22:50:18.004 INFO  [main] user= ip= o.s.t.w.s.TestDispatcherServlet - Initializing Servlet ''
2025-10-07 22:50:18.006 INFO  [main] user= ip= o.s.t.w.s.TestDispatcherServlet - Completed initialization in 2 ms
2025-10-07 22:50:18.036 INFO  [main] user= ip= b.c.o.gestao.web.AuthorizationTest - Started AuthorizationTest in 3.068 seconds (process running for 4.109)
2025-10-07 22:53:03.080 INFO  [main] user= ip= b.c.o.gestao.web.AuthorizationTest - Starting AuthorizationTest using Java 21.0.8 with PID 12792 (started by Gustavo in C:\Users\Gustavo\Downloads\gestao-de-funcionarios-2025)
2025-10-07 22:53:03.081 INFO  [main] user= ip= b.c.o.gestao.web.AuthorizationTest - No active profile set, falling back to 1 default profile: "default"
2025-10-07 22:53:05.217 INFO  [main] user= ip= o.s.s.c.a.a.c.InitializeUserDetailsBeanManagerConfigurer$InitializeUserDetailsManagerConfigurer - Global AuthenticationManager configured with UserDetailsService bean with name userDetailsService
2025-10-07 22:53:06.073 INFO  [main] user= ip= o.s.b.t.m.w.SpringBootMockServletContext - Initializing Spring TestDispatcherServlet ''
2025-10-07 22:53:06.073 INFO  [main] user= ip= o.s.t.w.s.TestDispatcherServlet - Initializing Servlet ''
2025-10-07 22:53:06.077 INFO  [main] user= ip= o.s.t.w.s.TestDispatcherServlet - Completed initialization in 4 ms
2025-10-07 22:53:06.105 INFO  [main] user= ip= b.c.o.gestao.web.AuthorizationTest - Started AuthorizationTest in 3.488 seconds (process running for 4.536)
2025-10-07 22:56:48.039 INFO  [main] user= ip= b.c.o.gestao.web.AuthorizationTest - Starting AuthorizationTest using Java 21.0.8 with PID 27844 (started by Gustavo in C:\Users\Gustavo\Downloads\gestao-de-funcionarios-2025)
2025-10-07 22:56:48.039 INFO  [main] user= ip= b.c.o.gestao.web.AuthorizationTest - No active profile set, falling back to 1 default profile: "default"
2025-10-07 22:56:50.049 INFO  [main] user= ip= o.s.s.c.a.a.c.InitializeUserDetailsBeanManagerConfigurer$InitializeUserDetailsManagerConfigurer - Global AuthenticationManager configured with UserDetailsService bean with name userDetailsService
2025-10-07 22:56:50.895 INFO  [main] user= ip= o.s.b.t.m.w.SpringBootMockServletContext - Initializing Spring TestDispatcherServlet ''
2025-10-07 22:56:50.895 INFO  [main] user= ip= o.s.t.w.s.TestDispatcherServlet - Initializing Servlet ''
2025-10-07 22:56:50.896 INFO  [main] user= ip= o.s.t.w.s.TestDispatcherServlet - Completed initialization in 1 ms
2025-10-07 22:56:50.926 INFO  [main] user= ip= b.c.o.gestao.web.AuthorizationTest - Started AuthorizationTest in 3.327 seconds (process running for 4.333)
2025-10-07 23:02:30.063 INFO  [main] user= ip= b.c.o.gestao.web.AuthorizationTest - Starting AuthorizationTest using Java 21.0.8 with PID 28072 (started by Gustavo in C:\Users\Gustavo\Downloads\gestao-de-funcionarios-2025)
2025-10-07 23:02:30.066 INFO  [main] user= ip= b.c.o.gestao.web.AuthorizationTest - No active profile set, falling back to 1 default profile: "default"
2025-10-07 23:02:32.027 INFO  [main] user= ip= o.s.s.c.a.a.c.InitializeUserDetailsBeanManagerConfigurer$InitializeUserDetailsManagerConfigurer - Global AuthenticationManager configured with UserDetailsService bean with name userDetailsService
2025-10-07 23:02:32.903 INFO  [main] user= ip= o.s.b.t.m.w.SpringBootMockServletContext - Initializing Spring TestDispatcherServlet ''
2025-10-07 23:02:32.904 INFO  [main] user= ip= o.s.t.w.s.TestDispatcherServlet - Initializing Servlet ''
2025-10-07 23:02:32.907 INFO  [main] user= ip= o.s.t.w.s.TestDispatcherServlet - Completed initialization in 2 ms
2025-10-07 23:02:32.940 INFO  [main] user= ip= b.c.o.gestao.web.AuthorizationTest - Started AuthorizationTest in 3.314 seconds (process running for 4.336)
2025-10-07 23:08:29.064 INFO  [main] user= ip= b.c.o.gestao.web.AuthorizationTest - Starting AuthorizationTest using Java 21.0.8 with PID 16252 (started by Gustavo in C:\Users\Gustavo\Downloads\gestao-de-funcionarios-2025)
2025-10-07 23:08:29.066 INFO  [main] user= ip= b.c.o.gestao.web.AuthorizationTest - No active profile set, falling back to 1 default profile: "default"
2025-10-07 23:08:31.054 INFO  [main] user= ip= o.s.s.c.a.a.c.InitializeUserDetailsBeanManagerConfigurer$InitializeUserDetailsManagerConfigurer - Global AuthenticationManager configured with UserDetailsService bean with name userDetailsService
2025-10-07 23:08:31.889 INFO  [main] user= ip= o.s.b.t.m.w.SpringBootMockServletContext - Initializing Spring TestDispatcherServlet ''
2025-10-07 23:08:31.889 INFO  [main] user= ip= o.s.t.w.s.TestDispatcherServlet - Initializing Servlet ''
2025-10-07 23:08:31.892 INFO  [main] user= ip= o.s.t.w.s.TestDispatcherServlet - Completed initialization in 2 ms
2025-10-07 23:08:31.927 INFO  [main] user= ip= b.c.o.gestao.web.AuthorizationTest - Started AuthorizationTest in 3.307 seconds (process running for 4.36)
2025-10-07 23:12:31.191 INFO  [main] user= ip= b.c.o.g.w.AuthorizationIntegrationTest - Starting AuthorizationIntegrationTest using Java 21.0.8 with PID 18500 (started by Gustavo in C:\Users\Gustavo\Downloads\gestao-de-funcionarios-2025)
2025-10-07 23:12:31.192 INFO  [main] user= ip= b.c.o.g.w.AuthorizationIntegrationTest - No active profile set, falling back to 1 default profile: "default"
2025-10-07 23:12:31.802 INFO  [main] user= ip= o.s.d.r.c.RepositoryConfigurationDelegate - Bootstrapping Spring Data JPA repositories in DEFAULT mode.
2025-10-07 23:12:31.869 INFO  [main] user= ip= o.s.d.r.c.RepositoryConfigurationDelegate - Finished Spring Data repository scanning in 57 ms. Found 3 JPA repository interfaces.
2025-10-07 23:12:33.702 INFO  [main] user= ip= com.zaxxer.hikari.HikariDataSource - HikariPool-1 - Starting...
2025-10-07 23:12:33.922 INFO  [main] user= ip= com.zaxxer.hikari.pool.HikariPool - HikariPool-1 - Added connection conn0: url=jdbc:h2:mem:gestao user=SA
2025-10-07 23:12:33.924 INFO  [main] user= ip= com.zaxxer.hikari.HikariDataSource - HikariPool-1 - Start completed.
2025-10-07 23:12:33.971 INFO  [main] user= ip= org.flywaydb.core.FlywayExecutor - Database: jdbc:h2:mem:gestao (H2 2.2)
2025-10-07 23:12:33.981 WARN  [main] user= ip= o.f.c.i.database.base.Database - Flyway upgrade recommended: H2 2.2.224 is newer than this version of Flyway and support has not been tested. The latest supported version of H2 is 2.2.220.
2025-10-07 23:12:33.998 INFO  [main] user= ip= o.f.c.i.s.JdbcTableSchemaHistory - Schema history table "PUBLIC"."flyway_schema_history" does not exist yet
2025-10-07 23:12:34.000 INFO  [main] user= ip= o.f.core.internal.command.DbValidate - Successfully validated 0 migrations (execution time 00:00.006s)
2025-10-07 23:12:34.000 WARN  [main] user= ip= o.f.core.internal.command.DbValidate - No migrations found. Are your locations set up correctly?
2025-10-07 23:12:34.010 INFO  [main] user= ip= o.f.c.i.s.JdbcTableSchemaHistory - Creating Schema History table "PUBLIC"."flyway_schema_history" ...
2025-10-07 23:12:34.068 INFO  [main] user= ip= o.f.core.internal.command.DbMigrate - Current version of schema "PUBLIC": << Empty Schema >>
2025-10-07 23:12:34.074 INFO  [main] user= ip= o.f.core.internal.command.DbMigrate - Schema "PUBLIC" is up to date. No migration necessary.
2025-10-07 23:12:34.282 INFO  [main] user= ip= o.h.jpa.internal.util.LogHelper - HHH000204: Processing PersistenceUnitInfo [name: default]
2025-10-07 23:12:34.392 INFO  [main] user= ip= org.hibernate.Version - HHH000412: Hibernate ORM core version 6.5.3.Final
2025-10-07 23:12:34.437 INFO  [main] user= ip= o.h.c.i.RegionFactoryInitiator - HHH000026: Second-level cache disabled
2025-10-07 23:12:34.675 INFO  [main] user= ip= o.s.o.j.p.SpringPersistenceUnitInfo - No LoadTimeWeaver setup: ignoring JPA class transformer
2025-10-07 23:12:35.468 INFO  [main] user= ip= o.h.e.t.j.p.i.JtaPlatformInitiator - HHH000489: No JTA platform available (set 'hibernate.transaction.jta.platform' to enable JTA platform integration)
2025-10-07 23:12:35.506 INFO  [main] user= ip= o.s.o.j.LocalContainerEntityManagerFactoryBean - Initialized JPA EntityManagerFactory for persistence unit 'default'
2025-10-07 23:12:35.557 WARN  [main] user= ip= o.s.b.a.o.j.JpaBaseConfiguration$JpaWebConfiguration - spring.jpa.open-in-view is enabled by default. Therefore, database queries may be performed during view rendering. Explicitly configure spring.jpa.open-in-view to disable this warning
2025-10-07 23:12:35.786 INFO  [main] user= ip= o.s.s.c.a.a.c.InitializeUserDetailsBeanManagerConfigurer$InitializeUserDetailsManagerConfigurer - Global AuthenticationManager configured with UserDetailsService bean with name userDetailsService
2025-10-07 23:12:36.847 INFO  [main] user= ip= o.s.b.a.h.H2ConsoleAutoConfiguration - H2 console available at '/h2'. Database available at 'jdbc:h2:mem:gestao'
2025-10-07 23:12:36.934 INFO  [main] user= ip= o.s.b.t.m.w.SpringBootMockServletContext - Initializing Spring TestDispatcherServlet ''
2025-10-07 23:12:36.936 INFO  [main] user= ip= o.s.t.w.s.TestDispatcherServlet - Initializing Servlet ''
2025-10-07 23:12:36.937 INFO  [main] user= ip= o.s.t.w.s.TestDispatcherServlet - Completed initialization in 1 ms
2025-10-07 23:12:36.955 INFO  [main] user= ip= b.c.o.g.w.AuthorizationIntegrationTest - Started AuthorizationIntegrationTest in 6.146 seconds (process running for 7.189)
2025-10-07 23:12:37.198 INFO  [SpringApplicationShutdownHook] user= ip= o.s.o.j.LocalContainerEntityManagerFactoryBean - Closing JPA EntityManagerFactory for persistence unit 'default'
2025-10-07 23:12:37.201 INFO  [SpringApplicationShutdownHook] user= ip= com.zaxxer.hikari.HikariDataSource - HikariPool-1 - Shutdown initiated...
2025-10-07 23:12:37.203 INFO  [SpringApplicationShutdownHook] user= ip= com.zaxxer.hikari.HikariDataSource - HikariPool-1 - Shutdown completed.
2025-10-07 23:24:28.804 INFO  [main] user= ip= b.c.o.g.r.FuncionarioProprioRepositoryTest - Starting FuncionarioProprioRepositoryTest using Java 21.0.8 with PID 3412 (started by Gustavo in C:\Users\Gustavo\Downloads\gestao-de-funcionarios-2025)
2025-10-07 23:24:28.806 INFO  [main] user= ip= b.c.o.g.r.FuncionarioProprioRepositoryTest - The following 1 profile is active: "test"
2025-10-07 23:24:29.220 INFO  [main] user= ip= o.s.d.r.c.RepositoryConfigurationDelegate - Bootstrapping Spring Data JPA repositories in DEFAULT mode.
2025-10-07 23:24:29.285 INFO  [main] user= ip= o.s.d.r.c.RepositoryConfigurationDelegate - Finished Spring Data repository scanning in 58 ms. Found 3 JPA repository interfaces.
2025-10-07 23:24:29.356 INFO  [main] user= ip= o.s.b.t.a.j.TestDatabaseAutoConfiguration$EmbeddedDataSourceBeanFactoryPostProcessor - Replacing 'dataSource' DataSource bean with embedded version
2025-10-07 23:24:29.589 INFO  [main] user= ip= o.s.j.d.e.EmbeddedDatabaseFactory - Starting embedded database: url='jdbc:h2:mem:333b6497-c861-4484-9015-da60fcdbb147;DB_CLOSE_DELAY=-1;DB_CLOSE_ON_EXIT=false', username='sa'
2025-10-07 23:24:29.907 INFO  [main] user= ip= org.flywaydb.core.FlywayExecutor - Database: jdbc:h2:mem:333b6497-c861-4484-9015-da60fcdbb147 (H2 2.2)
2025-10-07 23:24:29.915 WARN  [main] user= ip= o.f.c.i.database.base.Database - Flyway upgrade recommended: H2 2.2.224 is newer than this version of Flyway and support has not been tested. The latest supported version of H2 is 2.2.220.
2025-10-07 23:24:29.927 INFO  [main] user= ip= o.f.c.i.s.JdbcTableSchemaHistory - Schema history table "PUBLIC"."flyway_schema_history" does not exist yet
2025-10-07 23:24:29.928 INFO  [main] user= ip= o.f.core.internal.command.DbValidate - Successfully validated 0 migrations (execution time 00:00.005s)
2025-10-07 23:24:29.929 WARN  [main] user= ip= o.f.core.internal.command.DbValidate - No migrations found. Are your locations set up correctly?
2025-10-07 23:24:29.935 INFO  [main] user= ip= o.f.c.i.s.JdbcTableSchemaHistory - Creating Schema History table "PUBLIC"."flyway_schema_history" ...
2025-10-07 23:24:29.966 INFO  [main] user= ip= o.f.core.internal.command.DbMigrate - Current version of schema "PUBLIC": << Empty Schema >>
2025-10-07 23:24:29.969 INFO  [main] user= ip= o.f.core.internal.command.DbMigrate - Schema "PUBLIC" is up to date. No migration necessary.
2025-10-07 23:24:30.077 INFO  [main] user= ip= o.h.jpa.internal.util.LogHelper - HHH000204: Processing PersistenceUnitInfo [name: default]
2025-10-07 23:24:30.139 INFO  [main] user= ip= org.hibernate.Version - HHH000412: Hibernate ORM core version 6.5.3.Final
2025-10-07 23:24:30.176 INFO  [main] user= ip= o.h.c.i.RegionFactoryInitiator - HHH000026: Second-level cache disabled
2025-10-07 23:24:30.513 INFO  [main] user= ip= o.s.o.j.p.SpringPersistenceUnitInfo - No LoadTimeWeaver setup: ignoring JPA class transformer
2025-10-07 23:24:31.323 INFO  [main] user= ip= o.h.e.t.j.p.i.JtaPlatformInitiator - HHH000489: No JTA platform available (set 'hibernate.transaction.jta.platform' to enable JTA platform integration)
2025-10-07 23:24:31.361 INFO  [main] user= ip= o.s.o.j.LocalContainerEntityManagerFactoryBean - Initialized JPA EntityManagerFactory for persistence unit 'default'
2025-10-07 23:24:31.746 INFO  [main] user= ip= b.c.o.g.r.FuncionarioProprioRepositoryTest - Started FuncionarioProprioRepositoryTest in 3.458 seconds (process running for 4.472)
2025-10-07 23:24:32.914 INFO  [main] user= ip= o.s.t.c.s.AnnotationConfigContextLoaderUtils - Could not detect default configuration classes for test class [br.com.organizatec.gestao.web.AuthorizationIntegrationTest]: AuthorizationIntegrationTest does not declare any static, non-private, non-final, nested classes annotated with @Configuration.
2025-10-07 23:24:32.952 INFO  [main] user= ip= o.s.b.t.c.SpringBootTestContextBootstrapper - Found @SpringBootConfiguration br.com.organizatec.gestao.GestaoApplication for test class br.com.organizatec.gestao.web.AuthorizationIntegrationTest
2025-10-07 23:24:33.043 INFO  [main] user= ip= b.c.o.g.w.AuthorizationIntegrationTest - Starting AuthorizationIntegrationTest using Java 21.0.8 with PID 3412 (started by Gustavo in C:\Users\Gustavo\Downloads\gestao-de-funcionarios-2025)
2025-10-07 23:24:33.043 INFO  [main] user= ip= b.c.o.g.w.AuthorizationIntegrationTest - No active profile set, falling back to 1 default profile: "default"
2025-10-07 23:24:33.642 INFO  [main] user= ip= o.s.d.r.c.RepositoryConfigurationDelegate - Bootstrapping Spring Data JPA repositories in DEFAULT mode.
2025-10-07 23:24:33.668 INFO  [main] user= ip= o.s.d.r.c.RepositoryConfigurationDelegate - Finished Spring Data repository scanning in 27 ms. Found 3 JPA repository interfaces.
2025-10-07 23:24:34.312 INFO  [main] user= ip= com.zaxxer.hikari.HikariDataSource - HikariPool-1 - Starting...
2025-10-07 23:24:34.340 INFO  [main] user= ip= com.zaxxer.hikari.pool.HikariPool - HikariPool-1 - Added connection conn7: url=jdbc:h2:mem:gestao user=SA
2025-10-07 23:24:34.344 INFO  [main] user= ip= com.zaxxer.hikari.HikariDataSource - HikariPool-1 - Start completed.
2025-10-07 23:24:34.365 INFO  [main] user= ip= org.flywaydb.core.FlywayExecutor - Database: jdbc:h2:mem:gestao (H2 2.2)
2025-10-07 23:24:34.369 WARN  [main] user= ip= o.f.c.i.database.base.Database - Flyway upgrade recommended: H2 2.2.224 is newer than this version of Flyway and support has not been tested. The latest supported version of H2 is 2.2.220.
2025-10-07 23:24:34.370 INFO  [main] user= ip= o.f.c.i.s.JdbcTableSchemaHistory - Schema history table "PUBLIC"."flyway_schema_history" does not exist yet
2025-10-07 23:24:34.371 INFO  [main] user= ip= o.f.core.internal.command.DbValidate - Successfully validated 0 migrations (execution time 00:00.000s)
2025-10-07 23:24:34.371 WARN  [main] user= ip= o.f.core.internal.command.DbValidate - No migrations found. Are your locations set up correctly?
2025-10-07 23:24:34.375 INFO  [main] user= ip= o.f.c.i.s.JdbcTableSchemaHistory - Creating Schema History table "PUBLIC"."flyway_schema_history" ...
2025-10-07 23:24:34.385 INFO  [main] user= ip= o.f.core.internal.command.DbMigrate - Current version of schema "PUBLIC": << Empty Schema >>
2025-10-07 23:24:34.386 INFO  [main] user= ip= o.f.core.internal.command.DbMigrate - Schema "PUBLIC" is up to date. No migration necessary.
2025-10-07 23:24:34.430 INFO  [main] user= ip= o.h.jpa.internal.util.LogHelper - HHH000204: Processing PersistenceUnitInfo [name: default]
2025-10-07 23:24:34.434 INFO  [main] user= ip= o.h.c.i.RegionFactoryInitiator - HHH000026: Second-level cache disabled
2025-10-07 23:24:34.447 INFO  [main] user= ip= o.s.o.j.p.SpringPersistenceUnitInfo - No LoadTimeWeaver setup: ignoring JPA class transformer
2025-10-07 23:24:34.610 INFO  [main] user= ip= o.h.e.t.j.p.i.JtaPlatformInitiator - HHH000489: No JTA platform available (set 'hibernate.transaction.jta.platform' to enable JTA platform integration)
2025-10-07 23:24:34.618 INFO  [main] user= ip= o.s.o.j.LocalContainerEntityManagerFactoryBean - Initialized JPA EntityManagerFactory for persistence unit 'default'
2025-10-07 23:24:34.685 WARN  [main] user= ip= o.s.b.a.o.j.JpaBaseConfiguration$JpaWebConfiguration - spring.jpa.open-in-view is enabled by default. Therefore, database queries may be performed during view rendering. Explicitly configure spring.jpa.open-in-view to disable this warning
2025-10-07 23:24:34.995 INFO  [main] user= ip= o.s.s.c.a.a.c.InitializeUserDetailsBeanManagerConfigurer$InitializeUserDetailsManagerConfigurer - Global AuthenticationManager configured with UserDetailsService bean with name userDetailsService
2025-10-07 23:24:35.933 INFO  [main] user= ip= o.s.b.a.h.H2ConsoleAutoConfiguration - H2 console available at '/h2'. Database available at 'jdbc:h2:mem:gestao'
2025-10-07 23:24:36.072 INFO  [main] user= ip= o.s.b.t.m.w.SpringBootMockServletContext - Initializing Spring TestDispatcherServlet ''
2025-10-07 23:24:36.073 INFO  [main] user= ip= o.s.t.w.s.TestDispatcherServlet - Initializing Servlet ''
2025-10-07 23:24:36.075 INFO  [main] user= ip= o.s.t.w.s.TestDispatcherServlet - Completed initialization in 2 ms
2025-10-07 23:24:36.093 INFO  [main] user= ip= b.c.o.g.w.AuthorizationIntegrationTest - Started AuthorizationIntegrationTest in 3.115 seconds (process running for 8.819)
2025-10-07 23:24:36.389 INFO  [main] user= ip= o.s.t.c.s.AnnotationConfigContextLoaderUtils - Could not detect default configuration classes for test class [br.com.organizatec.gestao.web.FuncionarioControllerTest]: FuncionarioControllerTest does not declare any static, non-private, non-final, nested classes annotated with @Configuration.
2025-10-07 23:24:36.405 INFO  [main] user= ip= o.s.b.t.c.SpringBootTestContextBootstrapper - Found @SpringBootConfiguration br.com.organizatec.gestao.GestaoApplication for test class br.com.organizatec.gestao.web.FuncionarioControllerTest
2025-10-07 23:24:36.445 INFO  [main] user= ip= b.c.o.g.w.FuncionarioControllerTest - Starting FuncionarioControllerTest using Java 21.0.8 with PID 3412 (started by Gustavo in C:\Users\Gustavo\Downloads\gestao-de-funcionarios-2025)
2025-10-07 23:24:36.445 INFO  [main] user= ip= b.c.o.g.w.FuncionarioControllerTest - No active profile set, falling back to 1 default profile: "default"
2025-10-07 23:24:36.733 WARN  [main] user= ip= o.s.b.a.s.s.UserDetailsServiceAutoConfiguration - 

Using generated security password: a3cd1c8f-7a9d-4286-a962-adcf031d3407

This generated password is for development use only. Your security configuration must be updated before running your application in production.

2025-10-07 23:24:36.759 INFO  [main] user= ip= o.s.s.c.a.a.c.InitializeUserDetailsBeanManagerConfigurer$InitializeUserDetailsManagerConfigurer - Global AuthenticationManager configured with UserDetailsService bean with name inMemoryUserDetailsManager
2025-10-07 23:24:36.777 INFO  [main] user= ip= o.s.b.t.m.w.SpringBootMockServletContext - Initializing Spring TestDispatcherServlet ''
2025-10-07 23:24:36.777 INFO  [main] user= ip= o.s.t.w.s.TestDispatcherServlet - Initializing Servlet ''
2025-10-07 23:24:36.778 INFO  [main] user= ip= o.s.t.w.s.TestDispatcherServlet - Completed initialization in 1 ms
2025-10-07 23:24:36.784 INFO  [main] user= ip= b.c.o.g.w.FuncionarioControllerTest - Started FuncionarioControllerTest in 0.372 seconds (process running for 9.509)
2025-10-07 23:24:36.872 INFO  [SpringApplicationShutdownHook] user= ip= o.s.o.j.LocalContainerEntityManagerFactoryBean - Closing JPA EntityManagerFactory for persistence unit 'default'
2025-10-07 23:24:36.877 INFO  [SpringApplicationShutdownHook] user= ip= o.s.o.j.LocalContainerEntityManagerFactoryBean - Closing JPA EntityManagerFactory for persistence unit 'default'
2025-10-07 23:24:36.877 INFO  [SpringApplicationShutdownHook] user= ip= com.zaxxer.hikari.HikariDataSource - HikariPool-1 - Shutdown initiated...
2025-10-07 23:24:36.879 INFO  [SpringApplicationShutdownHook] user= ip= com.zaxxer.hikari.HikariDataSource - HikariPool-1 - Shutdown completed.
2025-10-07 23:37:49.964 INFO  [main] user= ip= b.c.o.gestao.GestaoApplication - Starting GestaoApplication using Java 21.0.8 with PID 7276 (C:\Users\Gustavo\Downloads\gestao-de-funcionarios-2025\target\classes started by Gustavo in C:\Users\Gustavo\Downloads\gestao-de-funcionarios-2025)
2025-10-07 23:37:49.966 INFO  [main] user= ip= b.c.o.gestao.GestaoApplication - No active profile set, falling back to 1 default profile: "default"
2025-10-07 23:37:50.482 INFO  [main] user= ip= o.s.d.r.c.RepositoryConfigurationDelegate - Bootstrapping Spring Data JPA repositories in DEFAULT mode.
2025-10-07 23:37:50.550 INFO  [main] user= ip= o.s.d.r.c.RepositoryConfigurationDelegate - Finished Spring Data repository scanning in 52 ms. Found 3 JPA repository interfaces.
2025-10-07 23:37:51.007 INFO  [main] user= ip= o.s.b.w.e.tomcat.TomcatWebServer - Tomcat initialized with port 8080 (http)
2025-10-07 23:37:51.011 INFO  [main] user= ip= o.a.coyote.http11.Http11NioProtocol - Initializing ProtocolHandler ["http-nio-8080"]
2025-10-07 23:37:51.023 INFO  [main] user= ip= o.a.catalina.core.StandardService - Starting service [Tomcat]
2025-10-07 23:37:51.023 INFO  [main] user= ip= o.a.catalina.core.StandardEngine - Starting Servlet engine: [Apache Tomcat/10.1.30]
2025-10-07 23:37:51.082 INFO  [main] user= ip= o.a.c.c.C.[Tomcat].[localhost].[/] - Initializing Spring embedded WebApplicationContext
2025-10-07 23:37:51.082 INFO  [main] user= ip= o.s.b.w.s.c.ServletWebServerApplicationContext - Root WebApplicationContext: initialization completed in 1082 ms
2025-10-07 23:37:51.115 INFO  [main] user= ip= com.zaxxer.hikari.HikariDataSource - HikariPool-1 - Starting...
2025-10-07 23:37:51.284 INFO  [main] user= ip= com.zaxxer.hikari.pool.HikariPool - HikariPool-1 - Added connection conn0: url=jdbc:h2:mem:gestao user=SA
2025-10-07 23:37:51.284 INFO  [main] user= ip= com.zaxxer.hikari.HikariDataSource - HikariPool-1 - Start completed.
2025-10-07 23:37:51.291 INFO  [main] user= ip= o.s.b.a.h.H2ConsoleAutoConfiguration - H2 console available at '/h2'. Database available at 'jdbc:h2:mem:gestao'
2025-10-07 23:37:51.503 INFO  [main] user= ip= org.flywaydb.core.FlywayExecutor - Database: jdbc:h2:mem:gestao (H2 2.2)
2025-10-07 23:37:51.505 WARN  [main] user= ip= o.f.c.i.database.base.Database - Flyway upgrade recommended: H2 2.2.224 is newer than this version of Flyway and support has not been tested. The latest supported version of H2 is 2.2.220.
2025-10-07 23:37:51.522 INFO  [main] user= ip= o.f.c.i.s.JdbcTableSchemaHistory - Schema history table "PUBLIC"."flyway_schema_history" does not exist yet
2025-10-07 23:37:51.522 INFO  [main] user= ip= o.f.core.internal.command.DbValidate - Successfully validated 0 migrations (execution time 00:00.005s)
2025-10-07 23:37:51.522 WARN  [main] user= ip= o.f.core.internal.command.DbValidate - No migrations found. Are your locations set up correctly?
2025-10-07 23:37:51.532 INFO  [main] user= ip= o.f.c.i.s.JdbcTableSchemaHistory - Creating Schema History table "PUBLIC"."flyway_schema_history" ...
2025-10-07 23:37:51.561 INFO  [main] user= ip= o.f.core.internal.command.DbMigrate - Current version of schema "PUBLIC": << Empty Schema >>
2025-10-07 23:37:51.566 INFO  [main] user= ip= o.f.core.internal.command.DbMigrate - Schema "PUBLIC" is up to date. No migration necessary.
2025-10-07 23:37:51.638 INFO  [main] user= ip= o.h.jpa.internal.util.LogHelper - HHH000204: Processing PersistenceUnitInfo [name: default]
2025-10-07 23:37:51.690 INFO  [main] user= ip= org.hibernate.Version - HHH000412: Hibernate ORM core version 6.5.3.Final
2025-10-07 23:37:51.714 INFO  [main] user= ip= o.h.c.i.RegionFactoryInitiator - HHH000026: Second-level cache disabled
2025-10-07 23:37:51.973 INFO  [main] user= ip= o.s.o.j.p.SpringPersistenceUnitInfo - No LoadTimeWeaver setup: ignoring JPA class transformer
2025-10-07 23:37:52.855 INFO  [main] user= ip= o.h.e.t.j.p.i.JtaPlatformInitiator - HHH000489: No JTA platform available (set 'hibernate.transaction.jta.platform' to enable JTA platform integration)
2025-10-07 23:37:52.892 INFO  [main] user= ip= o.s.o.j.LocalContainerEntityManagerFactoryBean - Initialized JPA EntityManagerFactory for persistence unit 'default'
2025-10-07 23:37:53.202 WARN  [main] user= ip= o.s.b.a.o.j.JpaBaseConfiguration$JpaWebConfiguration - spring.jpa.open-in-view is enabled by default. Therefore, database queries may be performed during view rendering. Explicitly configure spring.jpa.open-in-view to disable this warning
2025-10-07 23:37:53.425 INFO  [main] user= ip= o.s.s.c.a.a.c.InitializeUserDetailsBeanManagerConfigurer$InitializeUserDetailsManagerConfigurer - Global AuthenticationManager configured with UserDetailsService bean with name userDetailsService
2025-10-07 23:37:53.801 INFO  [main] user= ip= o.a.coyote.http11.Http11NioProtocol - Starting ProtocolHandler ["http-nio-8080"]
2025-10-07 23:37:53.829 INFO  [main] user= ip= o.s.b.w.e.tomcat.TomcatWebServer - Tomcat started on port 8080 (http) with context path '/'
2025-10-07 23:37:53.835 INFO  [main] user= ip= b.c.o.gestao.GestaoApplication - Started GestaoApplication in 4.332 seconds (process running for 4.633)
2025-10-07 23:39:15.656 INFO  [http-nio-8080-exec-1] user= ip= o.a.c.c.C.[Tomcat].[localhost].[/] - Initializing Spring DispatcherServlet 'dispatcherServlet'
2025-10-07 23:39:15.656 INFO  [http-nio-8080-exec-1] user= ip= o.s.web.servlet.DispatcherServlet - Initializing Servlet 'dispatcherServlet'
2025-10-07 23:39:15.657 INFO  [http-nio-8080-exec-1] user= ip= o.s.web.servlet.DispatcherServlet - Completed initialization in 0 ms
2025-10-07 23:45:15.346 INFO  [SpringApplicationShutdownHook] user= ip= o.s.o.j.LocalContainerEntityManagerFactoryBean - Closing JPA EntityManagerFactory for persistence unit 'default'
2025-10-07 23:45:15.348 INFO  [SpringApplicationShutdownHook] user= ip= com.zaxxer.hikari.HikariDataSource - HikariPool-1 - Shutdown initiated...
2025-10-07 23:45:15.350 INFO  [SpringApplicationShutdownHook] user= ip= com.zaxxer.hikari.HikariDataSource - HikariPool-1 - Shutdown completed.
